Circuit: * Z:\home\eric\Documents\MADVLSI\Project\test.asc

WARNING: Node N002 is floating.

Direct Newton iteration for .op point succeeded.

Date: Sat Dec 01 17:05:16 2012
Total elapsed time: 0.062 seconds.

tnom = 27
temp = 27
method = modified trap
totiter = 2101
traniter = 2082
tranpoints = 1042
accept = 1042
rejected = 0
matrix size = 8
fillins = 0
solver = Normal
Matrix Compiler1: 156 bytes object code size  0.5/0.6/[0.4]
Matrix Compiler2: 424 bytes object code size  1.0/0.7/[0.5]


